
> eregi@3.5.8 build
> vite build

[36mrolldown-vite v7.2.5 [32mbuilding client environment for production...[36m[39m
??0 modules transformed.
??[39m Build failed in 25ms
error during build:
Build failed with 1 error:

[UNRESOLVED_ENTRY] Error: Cannot resolve entry module index.html.

    at aggregateBindingErrorsIntoJsError (file:///C:/Users/whhol/Documents/trae_projects/eRegi/node_modules/rolldown/dist/shared/src-CYkh2Ybc.mjs:2659:18)
    at unwrapBindingResult (file:///C:/Users/whhol/Documents/trae_projects/eRegi/node_modules/rolldown/dist/shared/src-CYkh2Ybc.mjs:2634:128)
    at #build (file:///C:/Users/whhol/Documents/trae_projects/eRegi/node_modules/rolldown/dist/shared/src-CYkh2Ybc.mjs:4433:34)
    at async buildEnvironment (file:///C:/Users/whhol/Documents/trae_projects/eRegi/node_modules/vite/dist/node/chunks/node.js:33468:64)
    at async Object.build (file:///C:/Users/whhol/Documents/trae_projects/eRegi/node_modules/vite/dist/node/chunks/node.js:33871:19)
    at async Object.buildApp (file:///C:/Users/whhol/Documents/trae_projects/eRegi/node_modules/vite/dist/node/chunks/node.js:33868:153)
    at async CAC.<anonymous> (file:///C:/Users/whhol/Documents/trae_projects/eRegi/node_modules/vite/dist/node/cli.js:629:3)
